       [38;2;185;163;230m▄                             ▀      [0m
      [38;2;185;163;230m▀▀            ▄                       [0m
                  [38;2;185;163;230m███                       [0m
                 [38;2;185;163;230m████                       [0m
            [38;2;244;166;198m▄    [38;2;185;163;230m████▄▄        [38;2;244;166;198m▄            [0m
           [38;2;244;166;198m▄██    [38;2;185;163;230m████████    [38;2;244;166;198m██▄           [0m
          [38;2;244;166;198m▄████     [38;2;185;163;230m▀▀▀▀     [38;2;244;166;198m████▄          [0m
          [38;2;244;166;198m██████▄          ▄██████          [0m
         [38;2;244;166;198m████████▄        ▄████████         [0m
        [38;2;244;166;198m██████████▄      ▄██████████        [0m
       [38;2;244;166;198m████████████▄    ▄████████████       [0m
      [38;2;244;166;198m▄█████████████▄  ▄█████████████▄      [0m
     [38;2;244;166;198m▄████████████████████████████████▄     [0m
    [38;2;244;166;198m▄██████████████████████████████████▄    [0m
    [38;2;244;166;198m████████████████████████████████████    [0m
   [38;2;244;166;198m██████████████████████████████████████   [0m
  [38;2;244;166;198m████████████████████████████████████████  [0m
 [38;2;244;166;198m██████████████████████████████████████████ [0m
[38;2;244;166;198m▄██████████████████████████████████████████▄[0m
